#0 building with "desktop-linux" instance using docker driver

#1 [internal] load build definition from Dockerfile
#1 transferring dockerfile: 1.90kB 0.0s done
#1 DONE 0.0s

#2 [auth] library/python:pull token for registry-1.docker.io
#2 DONE 0.0s

#3 [internal] load metadata for docker.io/library/python:3.12-slim
#3 DONE 5.8s

#4 [internal] load .dockerignore
#4 transferring context: 106B done
#4 DONE 0.0s

#5 [internal] load build context
#5 transferring context: 19.35kB 0.0s done
#5 DONE 0.0s

#6 [builder 1/8] FROM docker.io/library/python:3.12-slim@sha256:804ddf3251a60bbf9c92e73b7566c40428d54d0e79d3428194edf40da6521286
#6 resolve docker.io/library/python:3.12-slim@sha256:804ddf3251a60bbf9c92e73b7566c40428d54d0e79d3428194edf40da6521286 0.0s done
#6 CACHED

#7 [builder 2/8] RUN sed -i "s/deb.debian.org/mirrors.tuna.tsinghua.edu.cn/g" /etc/apt/sources.list.d/debian.sources 2>/dev/null || sed -i "s/deb.debian.org/mirrors.tuna.tsinghua.edu.cn/g" /etc/apt/sources.list 2>/dev/null || true
#7 DONE 0.3s

#8 [stage-1  3/10] RUN apt-get update && apt-get install -y --no-install-recommends     libpango-1.0-0 libpangocairo-1.0-0 libpangoft2-1.0-0     libgdk-pixbuf-2.0-0 libcairo2 libglib2.0-0     fonts-liberation fonts-dejavu-core     && rm -rf /var/lib/apt/lists/*
#8 4.910 Get:1 http://mirrors.tuna.tsinghua.edu.cn/debian trixie InRelease [140 kB]
#8 7.874 Get:2 http://mirrors.tuna.tsinghua.edu.cn/debian trixie-updates InRelease [47.3 kB]
#8 ...

#9 [builder 3/8] RUN apt-get update && apt-get install -y --no-install-recommends     build-essential g++     libpango-1.0-0 libpangocairo-1.0-0 libpangoft2-1.0-0     libgdk-pixbuf-2.0-0 libffi-dev libcairo2 libglib2.0-0     && rm -rf /var/lib/apt/lists/*
#9 5.124 Get:1 http://mirrors.tuna.tsinghua.edu.cn/debian trixie InRelease [140 kB]
#9 7.783 Get:2 http://mirrors.tuna.tsinghua.edu.cn/debian trixie-updates InRelease [47.3 kB]
#9 9.221 Get:3 http://mirrors.tuna.tsinghua.edu.cn/debian-security trixie-security InRelease [43.4 kB]
#9 ...

#8 [stage-1  3/10] RUN apt-get update && apt-get install -y --no-install-recommends     libpango-1.0-0 libpangocairo-1.0-0 libpangoft2-1.0-0     libgdk-pixbuf-2.0-0 libcairo2 libglib2.0-0     fonts-liberation fonts-dejavu-core     && rm -rf /var/lib/apt/lists/*
#8 9.267 Get:3 http://mirrors.tuna.tsinghua.edu.cn/debian-security trixie-security InRelease [43.4 kB]
#8 57.08 Get:4 http://mirrors.tuna.tsinghua.edu.cn/debian trixie/main arm64 Packages [9607 kB]
#8 57.64 Get:5 http://mirrors.tuna.tsinghua.edu.cn/debian trixie-updates/main arm64 Packages [5404 B]
#8 58.90 Get:6 http://mirrors.tuna.tsinghua.edu.cn/debian-security trixie-security/main arm64 Packages [122 kB]
#8 58.93 Fetched 9966 kB in 59s (170 kB/s)
#8 58.93 Reading package lists...
#8 59.35 Reading package lists...
#8 59.78 Building dependency tree...
#8 59.86 Reading state information...
#8 60.02 The following additional packages will be installed:
#8 60.02   fontconfig fontconfig-config fonts-dejavu-mono libatomic1 libbrotli1
#8 60.02   libdatrie1 libdeflate0 libexpat1 libfontconfig1 libfreetype6 libfribidi0
#8 60.02   libgdk-pixbuf2.0-common libgraphite2-3 libharfbuzz0b libjbig0
#8 60.02   libjpeg62-turbo liblerc4 libpixman-1-0 libpng16-16t64 libsharpyuv0
#8 60.02   libthai-data libthai0 libtiff6 libwebp7 libx11-6 libx11-data libxau6
#8 60.02   libxcb-render0 libxcb-shm0 libxcb1 libxdmcp6 libxext6 libxml2 libxrender1
#8 60.02   shared-mime-info
#8 60.02 Suggested packages:
#8 60.02   low-memory-monitor
#8 60.02 Recommended packages:
#8 60.02   fonts-liberation-sans-narrow libgdk-pixbuf2.0-bin libglib2.0-data
#8 60.02   xdg-user-dirs
#8 60.12 The following NEW packages will be installed:
#8 60.12   fontconfig fontconfig-config fonts-dejavu-core fonts-dejavu-mono
#8 60.12   fonts-liberation libatomic1 libbrotli1 libcairo2 libdatrie1 libdeflate0
#8 60.12   libexpat1 libfontconfig1 libfreetype6 libfribidi0 libgdk-pixbuf-2.0-0
#8 60.12   libgdk-pixbuf2.0-common libglib2.0-0t64 libgraphite2-3 libharfbuzz0b
#8 60.12   libjbig0 libjpeg62-turbo liblerc4 libpango-1.0-0 libpangocairo-1.0-0
#8 60.12   libpangoft2-1.0-0 libpixman-1-0 libpng16-16t64 libsharpyuv0 libthai-data
#8 60.12   libthai0 libtiff6 libwebp7 libx11-6 libx11-data libxau6 libxcb-render0
#8 60.12   libxcb-shm0 libxcb1 libxdmcp6 libxext6 libxml2 libxrender1 shared-mime-info
#8 62.13 0 upgraded, 43 newly installed, 0 to remove and 3 not upgraded.
#8 62.13 Need to get 12.8 MB of archives.
#8 62.13 After this operation, 42.3 MB of additional disk space will be used.
#8 62.13 Get:1 http://mirrors.tuna.tsinghua.edu.cn/debian trixie/main arm64 libexpat1 arm64 2.7.1-2 [93.3 kB]
#8 65.75 Get:2 http://mirrors.tuna.tsinghua.edu.cn/debian trixie/main arm64 libbrotli1 arm64 1.1.0-2+b7 [308 kB]
#8 68.57 Get:3 http://mirrors.tuna.tsinghua.edu.cn/debian-security trixie-security/main arm64 libpng16-16t64 arm64 1.6.48-1+deb13u4 [275 kB]
#8 ...

#9 [builder 3/8] RUN apt-get update && apt-get install -y --no-install-recommends     build-essential g++     libpango-1.0-0 libpangocairo-1.0-0 libpangoft2-1.0-0     libgdk-pixbuf-2.0-0 libffi-dev libcairo2 libglib2.0-0     && rm -rf /var/lib/apt/lists/*
#9 69.30 Ign:4 http://mirrors.tuna.tsinghua.edu.cn/debian trixie/main arm64 Packages
#9 69.84 Get:5 http://mirrors.tuna.tsinghua.edu.cn/debian trixie-updates/main arm64 Packages [5404 B]
#9 72.07 Get:6 http://mirrors.tuna.tsinghua.edu.cn/debian-security trixie-security/main arm64 Packages [122 kB]
#9 ...

#8 [stage-1  3/10] RUN apt-get update && apt-get install -y --no-install-recommends     libpango-1.0-0 libpangocairo-1.0-0 libpangoft2-1.0-0     libgdk-pixbuf-2.0-0 libcairo2 libglib2.0-0     fonts-liberation fonts-dejavu-core     && rm -rf /var/lib/apt/lists/*
#8 71.59 Get:4 http://mirrors.tuna.tsinghua.edu.cn/debian-security trixie-security/main arm64 libfreetype6 arm64 2.13.3+dfsg-1+deb13u1 [422 kB]
#8 73.50 Get:5 http://mirrors.tuna.tsinghua.edu.cn/debian trixie/main arm64 fonts-dejavu-mono all 2.37-8 [489 kB]
#8 81.40 Get:6 http://mirrors.tuna.tsinghua.edu.cn/debian trixie/main arm64 fonts-dejavu-core all 2.37-8 [840 kB]
#8 85.55 Get:7 http://mirrors.tuna.tsinghua.edu.cn/debian trixie/main arm64 fonts-liberation all 1:2.1.5-3 [1475 kB]
#8 87.07 Get:8 http://mirrors.tuna.tsinghua.edu.cn/debian trixie/main arm64 fontconfig-config arm64 2.15.0-2.3 [318 kB]
#8 89.84 Get:9 http://mirrors.tuna.tsinghua.edu.cn/debian trixie/main arm64 libfontconfig1 arm64 2.15.0-2.3 [387 kB]
#8 93.64 Get:10 http://mirrors.tuna.tsinghua.edu.cn/debian trixie/main arm64 fontconfig arm64 2.15.0-2.3 [463 kB]
#8 94.37 Get:11 http://mirrors.tuna.tsinghua.edu.cn/debian trixie/main arm64 libatomic1 arm64 14.2.0-19 [10.1 kB]
#8 96.71 Get:12 http://mirrors.tuna.tsinghua.edu.cn/debian trixie/main arm64 libpixman-1-0 arm64 0.44.0-3 [168 kB]
#8 97.99 Get:13 http://mirrors.tuna.tsinghua.edu.cn/debian trixie/main arm64 libxau6 arm64 1:1.0.11-1 [20.6 kB]
#8 99.00 Get:14 http://mirrors.tuna.tsinghua.edu.cn/debian trixie/main arm64 libxdmcp6 arm64 1:1.1.5-1 [27.8 kB]
#8 101.5 Get:15 http://mirrors.tuna.tsinghua.edu.cn/debian trixie/main arm64 libxcb1 arm64 1.17.0-2+b1 [143 kB]
#8 105.7 Get:16 http://mirrors.tuna.tsinghua.edu.cn/debian trixie/main arm64 libx11-data all 2:1.8.12-1 [343 kB]
#8 114.3 Get:17 http://mirrors.tuna.tsinghua.edu.cn/debian trixie/main arm64 libx11-6 arm64 2:1.8.12-1 [795 kB]
#8 116.6 Get:18 http://mirrors.tuna.tsinghua.edu.cn/debian trixie/main arm64 libxcb-render0 arm64 1.17.0-2+b1 [115 kB]
#8 118.5 Get:19 http://mirrors.tuna.tsinghua.edu.cn/debian trixie/main arm64 libxcb-shm0 arm64 1.17.0-2+b1 [105 kB]
#8 ...

#9 [builder 3/8] RUN apt-get update && apt-get install -y --no-install-recommends     build-essential g++     libpango-1.0-0 libpangocairo-1.0-0 libpangoft2-1.0-0     libgdk-pixbuf-2.0-0 libffi-dev libcairo2 libglib2.0-0     && rm -rf /var/lib/apt/lists/*
#9 119.0 Get:4 http://mirrors.tuna.tsinghua.edu.cn/debian trixie/main arm64 Packages [9607 kB]
#9 119.7 Fetched 9966 kB in 1min 59s (83.5 kB/s)
#9 119.7 Reading package lists...
#9 120.1 Reading package lists...
#9 120.8 Building dependency tree...
#9 121.0 Reading state information...
#9 121.2 The following additional packages will be installed:
#9 121.2   binutils binutils-aarch64-linux-gnu binutils-common bzip2 cpp cpp-14
#9 121.2   cpp-14-aarch64-linux-gnu cpp-aarch64-linux-gnu dpkg-dev fontconfig
#9 121.2   fontconfig-config fonts-dejavu-core fonts-dejavu-mono g++-14
#9 121.2   g++-14-aarch64-linux-gnu g++-aarch64-linux-gnu gcc gcc-14
#9 121.2   gcc-14-aarch64-linux-gnu gcc-aarch64-linux-gnu libasan8 libatomic1
#9 121.2   libbinutils libbrotli1 libc-dev-bin libc6-dev libcc1-0 libcrypt-dev
#9 121.2   libctf-nobfd0 libctf0 libdatrie1 libdeflate0 libdpkg-perl libexpat1
#9 121.2   libfontconfig1 libfreetype6 libfribidi0 libgcc-14-dev libgdbm-compat4t64
#9 121.2   libgdk-pixbuf2.0-common libgomp1 libgprofng0 libgraphite2-3 libharfbuzz0b
#9 121.2   libhwasan0 libisl23 libitm1 libjansson4 libjbig0 libjpeg62-turbo liblerc4
#9 121.2   liblsan0 libmpc3 libmpfr6 libperl5.40 libpixman-1-0 libpng16-16t64
#9 121.2   libsframe1 libsharpyuv0 libstdc++-14-dev libthai-data libthai0 libtiff6
#9 121.2   libtsan2 libubsan1 libwebp7 libx11-6 libx11-data libxau6 libxcb-render0
#9 121.2   libxcb-shm0 libxcb1 libxdmcp6 libxext6 libxml2 libxrender1 linux-libc-dev
#9 121.2   make patch perl perl-modules-5.40 rpcsvc-proto shared-mime-info xz-utils
#9 121.2 Suggested packages:
#9 121.2   binutils-doc gprofng-gui binutils-gold bzip2-doc cpp-doc gcc-14-locales
#9 121.2   cpp-14-doc debian-keyring debian-tag2upload-keyring gcc-14-doc gcc-multilib
#9 121.2   manpages-dev autoconf automake libtool flex bison gdb gcc-doc
#9 121.2   gdb-aarch64-linux-gnu libc-devtools glibc-doc sq | sqop | rsop | gosop
#9 121.2   | pgpainless-cli | gpg-sq | gnupg sensible-utils git bzr low-memory-monitor
#9 121.2   libstdc++-14-doc make-doc ed diffutils-doc perl-doc
#9 121.2   libterm-readline-gnu-perl | libterm-readline-perl-perl
#9 121.2   libtap-harness-archive-perl
#9 121.2 Recommended packages:
#9 121.2   fakeroot sq | sqop | rsop | gosop | pgpainless-cli | gpg-sq | gnupg
#9 121.2   libalgorithm-merge-perl manpages manpages-dev libfile-fcntllock-perl
#9 121.2   liblocale-gettext-perl libgdk-pixbuf2.0-bin libglib2.0-data xdg-user-dirs
#9 121.5 The following NEW packages will be installed:
#9 121.5   binutils binutils-aarch64-linux-gnu binutils-common build-essential bzip2
#9 121.5   cpp cpp-14 cpp-14-aarch64-linux-gnu cpp-aarch64-linux-gnu dpkg-dev
#9 121.5   fontconfig fontconfig-config fonts-dejavu-core fonts-dejavu-mono g++ g++-14
#9 121.5   g++-14-aarch64-linux-gnu g++-aarch64-linux-gnu gcc gcc-14
#9 121.5   gcc-14-aarch64-linux-gnu gcc-aarch64-linux-gnu libasan8 libatomic1
#9 121.5   libbinutils libbrotli1 libc-dev-bin libc6-dev libcairo2 libcc1-0
#9 121.5   libcrypt-dev libctf-nobfd0 libctf0 libdatrie1 libdeflate0 libdpkg-perl
#9 121.5   libexpat1 libffi-dev libfontconfig1 libfreetype6 libfribidi0 libgcc-14-dev
#9 121.5   libgdbm-compat4t64 libgdk-pixbuf-2.0-0 libgdk-pixbuf2.0-common
#9 121.5   libglib2.0-0t64 libgomp1 libgprofng0 libgraphite2-3 libharfbuzz0b libhwasan0
#9 121.5   libisl23 libitm1 libjansson4 libjbig0 libjpeg62-turbo liblerc4 liblsan0
#9 121.5   libmpc3 libmpfr6 libpango-1.0-0 libpangocairo-1.0-0 libpangoft2-1.0-0
#9 121.5   libperl5.40 libpixman-1-0 libpng16-16t64 libsframe1 libsharpyuv0
#9 121.5   libstdc++-14-dev libthai-data libthai0 libtiff6 libtsan2 libubsan1 libwebp7
#9 121.5   libx11-6 libx11-data libxau6 libxcb-render0 libxcb-shm0 libxcb1 libxdmcp6
#9 121.5   libxext6 libxml2 libxrender1 linux-libc-dev make patch perl
#9 121.5   perl-modules-5.40 rpcsvc-proto shared-mime-info xz-utils
#9 123.0 0 upgraded, 93 newly installed, 0 to remove and 3 not upgraded.
#9 123.0 Need to get 84.3 MB of archives.
#9 123.0 After this operation, 361 MB of additional disk space will be used.
#9 123.0 Get:1 http://mirrors.tuna.tsinghua.edu.cn/debian trixie/main arm64 libexpat1 arm64 2.7.1-2 [93.3 kB]
#9 123.7 Get:2 http://mirrors.tuna.tsinghua.edu.cn/debian trixie/main arm64 bzip2 arm64 1.0.8-6 [39.5 kB]
#9 ...

#8 [stage-1  3/10] RUN apt-get update && apt-get install -y --no-install-recommends     libpango-1.0-0 libpangocairo-1.0-0 libpangoft2-1.0-0     libgdk-pixbuf-2.0-0 libcairo2 libglib2.0-0     fonts-liberation fonts-dejavu-core     && rm -rf /var/lib/apt/lists/*
#8 119.6 Get:20 http://mirrors.tuna.tsinghua.edu.cn/debian trixie/main arm64 libxext6 arm64 2:1.3.4-1+b3 [49.2 kB]
#8 120.3 Get:21 http://mirrors.tuna.tsinghua.edu.cn/debian trixie/main arm64 libxrender1 arm64 1:0.9.12-1 [27.0 kB]
#8 122.3 Get:22 http://mirrors.tuna.tsinghua.edu.cn/debian trixie/main arm64 libcairo2 arm64 1.18.4-1+b1 [483 kB]
#8 123.0 Get:23 http://mirrors.tuna.tsinghua.edu.cn/debian trixie/main arm64 libdatrie1 arm64 0.2.13-3+b1 [37.6 kB]
#8 123.9 Get:24 http://mirrors.tuna.tsinghua.edu.cn/debian trixie/main arm64 libdeflate0 arm64 1.23-2 [42.4 kB]
#8 124.5 Get:25 http://mirrors.tuna.tsinghua.edu.cn/debian trixie/main arm64 libfribidi0 arm64 1.0.16-1 [26.5 kB]
#8 127.2 Get:26 http://mirrors.tuna.tsinghua.edu.cn/debian-security trixie-security/main arm64 libgdk-pixbuf2.0-common all 2.42.12+dfsg-4+deb13u1 [312 kB]
#8 133.0 Get:27 http://mirrors.tuna.tsinghua.edu.cn/debian trixie/main arm64 libglib2.0-0t64 arm64 2.84.4-3~deb13u2 [1428 kB]
#8 136.4 Get:28 http://mirrors.tuna.tsinghua.edu.cn/debian trixie/main arm64 libxml2 arm64 2.12.7+dfsg+really2.9.14-2.1+deb13u2 [630 kB]
#8 ...

#9 [builder 3/8] RUN apt-get update && apt-get install -y --no-install-recommends     build-essential g++     libpango-1.0-0 libpangocairo-1.0-0 libpangoft2-1.0-0     libgdk-pixbuf-2.0-0 libffi-dev libcairo2 libglib2.0-0     && rm -rf /var/lib/apt/lists/*
#9 137.3 Get:3 http://mirrors.tuna.tsinghua.edu.cn/debian trixie/main arm64 perl-modules-5.40 all 5.40.1-6 [3019 kB]
#9 138.8 Get:4 http://mirrors.tuna.tsinghua.edu.cn/debian trixie/main arm64 libgdbm-compat4t64 arm64 1.24-2 [50.3 kB]
#9 ...

#8 [stage-1  3/10] RUN apt-get update && apt-get install -y --no-install-recommends     libpango-1.0-0 libpangocairo-1.0-0 libpangoft2-1.0-0     libgdk-pixbuf-2.0-0 libcairo2 libglib2.0-0     fonts-liberation fonts-dejavu-core     && rm -rf /var/lib/apt/lists/*
#8 138.8 Get:29 http://mirrors.tuna.tsinghua.edu.cn/debian trixie/main arm64 shared-mime-info arm64 2.4-5+b2 [756 kB]
#8 140.2 Get:30 http://mirrors.tuna.tsinghua.edu.cn/debian trixie/main arm64 libjpeg62-turbo arm64 1:2.1.5-4 [173 kB]
#8 141.0 Get:31 http://mirrors.tuna.tsinghua.edu.cn/debian trixie/main arm64 libjbig0 arm64 2.1-6.1+b2 [30.4 kB]
#8 143.1 Get:32 http://mirrors.tuna.tsinghua.edu.cn/debian trixie/main arm64 liblerc4 arm64 4.0.0+ds-5 [146 kB]
#8 145.5 Get:33 http://mirrors.tuna.tsinghua.edu.cn/debian trixie/main arm64 libsharpyuv0 arm64 1.5.0-0.1 [114 kB]
#8 148.8 Get:34 http://mirrors.tuna.tsinghua.edu.cn/debian trixie/main arm64 libwebp7 arm64 1.5.0-0.1 [271 kB]
#8 ...

#9 [builder 3/8] RUN apt-get update && apt-get install -y --no-install-recommends     build-essential g++     libpango-1.0-0 libpangocairo-1.0-0 libpangoft2-1.0-0     libgdk-pixbuf-2.0-0 libffi-dev libcairo2 libglib2.0-0     && rm -rf /var/lib/apt/lists/*
#9 152.2 Get:5 http://mirrors.tuna.tsinghua.edu.cn/debian trixie/main arm64 libperl5.40 arm64 5.40.1-6 [4142 kB]
#9 154.3 Get:6 http://mirrors.tuna.tsinghua.edu.cn/debian trixie/main arm64 perl arm64 5.40.1-6 [267 kB]
#9 157.0 Get:7 http://mirrors.tuna.tsinghua.edu.cn/debian trixie/main arm64 xz-utils arm64 5.8.1-1 [657 kB]
#9 158.7 Get:8 http://mirrors.tuna.tsinghua.edu.cn/debian trixie/main arm64 libsframe1 arm64 2.44-3 [77.8 kB]
#9 ...

#8 [stage-1  3/10] RUN apt-get update && apt-get install -y --no-install-recommends     libpango-1.0-0 libpangocairo-1.0-0 libpangoft2-1.0-0     libgdk-pixbuf-2.0-0 libcairo2 libglib2.0-0     fonts-liberation fonts-dejavu-core     && rm -rf /var/lib/apt/lists/*
#8 152.4 Get:35 http://mirrors.tuna.tsinghua.edu.cn/debian-security trixie-security/main arm64 libtiff6 arm64 4.7.0-3+deb13u2 [325 kB]
#8 153.8 Get:36 http://mirrors.tuna.tsinghua.edu.cn/debian-security trixie-security/main arm64 libgdk-pixbuf-2.0-0 arm64 2.42.12+dfsg-4+deb13u1 [131 kB]
#8 155.3 Get:37 http://mirrors.tuna.tsinghua.edu.cn/debian trixie/main arm64 libgraphite2-3 arm64 1.3.14-2+b1 [70.4 kB]
#8 158.1 Get:38 http://mirrors.tuna.tsinghua.edu.cn/debian trixie/main arm64 libharfbuzz0b arm64 10.2.0-1+b1 [442 kB]
#8 160.0 Get:39 http://mirrors.tuna.tsinghua.edu.cn/debian trixie/main arm64 libthai-data all 0.1.29-2 [168 kB]
#8 161.8 Get:40 http://mirrors.tuna.tsinghua.edu.cn/debian trixie/main arm64 libthai0 arm64 0.1.29-2+b1 [48.4 kB]
#8 ...

#9 [builder 3/8] RUN apt-get update && apt-get install -y --no-install-recommends     build-essential g++     libpango-1.0-0 libpangocairo-1.0-0 libpangoft2-1.0-0     libgdk-pixbuf-2.0-0 libffi-dev libcairo2 libglib2.0-0     && rm -rf /var/lib/apt/lists/*
#9 163.7 Get:9 http://mirrors.tuna.tsinghua.edu.cn/debian trixie/main arm64 binutils-common arm64 2.44-3 [2509 kB]
#9 167.4 Get:10 http://mirrors.tuna.tsinghua.edu.cn/debian trixie/main arm64 libbinutils arm64 2.44-3 [660 kB]
#9 ...

#8 [stage-1  3/10] RUN apt-get update && apt-get install -y --no-install-recommends     libpango-1.0-0 libpangocairo-1.0-0 libpangoft2-1.0-0     libgdk-pixbuf-2.0-0 libcairo2 libglib2.0-0     fonts-liberation fonts-dejavu-core     && rm -rf /var/lib/apt/lists/*
#8 164.7 Get:41 http://mirrors.tuna.tsinghua.edu.cn/debian trixie/main arm64 libpango-1.0-0 arm64 1.56.3-1 [213 kB]
#8 166.4 Get:42 http://mirrors.tuna.tsinghua.edu.cn/debian trixie/main arm64 libpangoft2-1.0-0 arm64 1.56.3-1 [52.9 kB]
#8 167.9 Get:43 http://mirrors.tuna.tsinghua.edu.cn/debian trixie/main arm64 libpangocairo-1.0-0 arm64 1.56.3-1 [33.7 kB]
#8 168.3 debconf: unable to initialize frontend: Dialog
#8 168.3 debconf: (TERM is not set, so the dialog frontend is not usable.)
#8 168.3 debconf: falling back to frontend: Readline
#8 168.3 debconf: unable to initialize frontend: Readline
#8 168.3 debconf: (Can't locate Term/ReadLine.pm in @INC (you may need to install the Term::ReadLine module) (@INC entries checked: /etc/perl /usr/local/lib/aarch64-linux-gnu/perl/5.40.1 /usr/local/share/perl/5.40.1 /usr/lib/aarch64-linux-gnu/perl5/5.40 /usr/share/perl5 /usr/lib/aarch64-linux-gnu/perl-base /usr/lib/aarch64-linux-gnu/perl/5.40 /usr/share/perl/5.40 /usr/local/lib/site_perl) at /usr/share/perl5/Debconf/FrontEnd/Readline.pm line 8, <STDIN> line 43.)
#8 168.3 debconf: falling back to frontend: Teletype
#8 168.3 debconf: unable to initialize frontend: Teletype
#8 168.3 debconf: (This frontend requires a controlling tty.)
#8 168.3 debconf: falling back to frontend: Noninteractive
#8 169.3 Preconfiguring packages ...
#8 169.3 Fetched 12.8 MB in 1min 48s (119 kB/s)
#8 169.4 Selecting previously unselected package libexpat1:arm64.
#8 169.4 (Reading database ... (Reading database ... 5%(Reading database ... 10%(Reading database ... 15%(Reading database ... 20%(Reading database ... 25%(Reading database ... 30%(Reading database ... 35%(Reading database ... 40%(Reading database ... 45%(Reading database ... 50%(Reading database ... 55%(Reading database ... 60%(Reading database ... 65%(Reading database ... 70%(Reading database ... 75%(Reading database ... 80%(Reading database ... 85%(Reading database ... 90%(Reading database ... 95%(Reading database ... 100%(Reading database ... 5643 files and directories currently installed.)
#8 169.4 Preparing to unpack .../00-libexpat1_2.7.1-2_arm64.deb ...
#8 169.4 Unpacking libexpat1:arm64 (2.7.1-2) ...
#8 169.4 Selecting previously unselected package libbrotli1:arm64.
#8 169.4 Preparing to unpack .../01-libbrotli1_1.1.0-2+b7_arm64.deb ...
#8 169.4 Unpacking libbrotli1:arm64 (1.1.0-2+b7) ...
#8 169.4 Selecting previously unselected package libpng16-16t64:arm64.
#8 169.4 Preparing to unpack .../02-libpng16-16t64_1.6.48-1+deb13u4_arm64.deb ...
#8 169.4 Unpacking libpng16-16t64:arm64 (1.6.48-1+deb13u4) ...
#8 169.5 Selecting previously unselected package libfreetype6:arm64.
#8 169.5 Preparing to unpack .../03-libfreetype6_2.13.3+dfsg-1+deb13u1_arm64.deb ...
#8 169.5 Unpacking libfreetype6:arm64 (2.13.3+dfsg-1+deb13u1) ...
#8 169.5 Selecting previously unselected package fonts-dejavu-mono.
#8 169.5 Preparing to unpack .../04-fonts-dejavu-mono_2.37-8_all.deb ...
#8 169.5 Unpacking fonts-dejavu-mono (2.37-8) ...
#8 169.5 Selecting previously unselected package fonts-dejavu-core.
#8 169.5 Preparing to unpack .../05-fonts-dejavu-core_2.37-8_all.deb ...
#8 169.5 Unpacking fonts-dejavu-core (2.37-8) ...
#8 169.6 Selecting previously unselected package fonts-liberation.
#8 169.6 Preparing to unpack .../06-fonts-liberation_1%3a2.1.5-3_all.deb ...
#8 169.6 Unpacking fonts-liberation (1:2.1.5-3) ...
#8 169.7 Selecting previously unselected package fontconfig-config.
#8 169.7 Preparing to unpack .../07-fontconfig-config_2.15.0-2.3_arm64.deb ...
#8 169.7 Unpacking fontconfig-config (2.15.0-2.3) ...
#8 169.8 Selecting previously unselected package libfontconfig1:arm64.
#8 169.8 Preparing to unpack .../08-libfontconfig1_2.15.0-2.3_arm64.deb ...
#8 169.8 Unpacking libfontconfig1:arm64 (2.15.0-2.3) ...
#8 169.8 Selecting previously unselected package fontconfig.
#8 169.8 Preparing to unpack .../09-fontconfig_2.15.0-2.3_arm64.deb ...
#8 169.8 Unpacking fontconfig (2.15.0-2.3) ...
#8 169.8 Selecting previously unselected package libatomic1:arm64.
#8 169.8 Preparing to unpack .../10-libatomic1_14.2.0-19_arm64.deb ...
#8 169.8 Unpacking libatomic1:arm64 (14.2.0-19) ...
#8 169.8 Selecting previously unselected package libpixman-1-0:arm64.
#8 169.8 Preparing to unpack .../11-libpixman-1-0_0.44.0-3_arm64.deb ...
#8 169.8 Unpacking libpixman-1-0:arm64 (0.44.0-3) ...
#8 169.9 Selecting previously unselected package libxau6:arm64.
#8 169.9 Preparing to unpack .../12-libxau6_1%3a1.0.11-1_arm64.deb ...
#8 169.9 Unpacking libxau6:arm64 (1:1.0.11-1) ...
#8 169.9 Selecting previously unselected package libxdmcp6:arm64.
#8 169.9 Preparing to unpack .../13-libxdmcp6_1%3a1.1.5-1_arm64.deb ...
#8 169.9 Unpacking libxdmcp6:arm64 (1:1.1.5-1) ...
#8 169.9 Selecting previously unselected package libxcb1:arm64.
#8 169.9 Preparing to unpack .../14-libxcb1_1.17.0-2+b1_arm64.deb ...
#8 169.9 Unpacking libxcb1:arm64 (1.17.0-2+b1) ...
#8 169.9 Selecting previously unselected package libx11-data.
#8 169.9 Preparing to unpack .../15-libx11-data_2%3a1.8.12-1_all.deb ...
#8 169.9 Unpacking libx11-data (2:1.8.12-1) ...
#8 170.0 Selecting previously unselected package libx11-6:arm64.
#8 170.0 Preparing to unpack .../16-libx11-6_2%3a1.8.12-1_arm64.deb ...
#8 170.0 Unpacking libx11-6:arm64 (2:1.8.12-1) ...
#8 170.0 Selecting previously unselected package libxcb-render0:arm64.
#8 170.0 Preparing to unpack .../17-libxcb-render0_1.17.0-2+b1_arm64.deb ...
#8 170.0 Unpacking libxcb-render0:arm64 (1.17.0-2+b1) ...
#8 170.0 Selecting previously unselected package libxcb-shm0:arm64.
#8 170.0 Preparing to unpack .../18-libxcb-shm0_1.17.0-2+b1_arm64.deb ...
#8 170.0 Unpacking libxcb-shm0:arm64 (1.17.0-2+b1) ...
#8 170.0 Selecting previously unselected package libxext6:arm64.
#8 170.0 Preparing to unpack .../19-libxext6_2%3a1.3.4-1+b3_arm64.deb ...
#8 170.0 Unpacking libxext6:arm64 (2:1.3.4-1+b3) ...
#8 170.1 Selecting previously unselected package libxrender1:arm64.
#8 170.1 Preparing to unpack .../20-libxrender1_1%3a0.9.12-1_arm64.deb ...
#8 170.1 Unpacking libxrender1:arm64 (1:0.9.12-1) ...
#8 170.1 Selecting previously unselected package libcairo2:arm64.
#8 170.1 Preparing to unpack .../21-libcairo2_1.18.4-1+b1_arm64.deb ...
#8 170.1 Unpacking libcairo2:arm64 (1.18.4-1+b1) ...
#8 170.2 Selecting previously unselected package libdatrie1:arm64.
#8 170.2 Preparing to unpack .../22-libdatrie1_0.2.13-3+b1_arm64.deb ...
#8 170.2 Unpacking libdatrie1:arm64 (0.2.13-3+b1) ...
#8 170.2 Selecting previously unselected package libdeflate0:arm64.
#8 170.2 Preparing to unpack .../23-libdeflate0_1.23-2_arm64.deb ...
#8 170.2 Unpacking libdeflate0:arm64 (1.23-2) ...
#8 170.2 Selecting previously unselected package libfribidi0:arm64.
#8 170.2 Preparing to unpack .../24-libfribidi0_1.0.16-1_arm64.deb ...
#8 170.2 Unpacking libfribidi0:arm64 (1.0.16-1) ...
#8 170.2 Selecting previously unselected package libgdk-pixbuf2.0-common.
#8 170.2 Preparing to unpack .../25-libgdk-pixbuf2.0-common_2.42.12+dfsg-4+deb13u1_all.deb ...
#8 170.2 Unpacking libgdk-pixbuf2.0-common (2.42.12+dfsg-4+deb13u1) ...
#8 170.3 Selecting previously unselected package libglib2.0-0t64:arm64.
#8 170.3 Preparing to unpack .../26-libglib2.0-0t64_2.84.4-3~deb13u2_arm64.deb ...
#8 170.3 Unpacking libglib2.0-0t64:arm64 (2.84.4-3~deb13u2) ...
#8 170.4 Selecting previously unselected package libxml2:arm64.
#8 170.4 Preparing to unpack .../27-libxml2_2.12.7+dfsg+really2.9.14-2.1+deb13u2_arm64.deb ...
#8 170.4 Unpacking libxml2:arm64 (2.12.7+dfsg+really2.9.14-2.1+deb13u2) ...
#8 170.5 Selecting previously unselected package shared-mime-info.
#8 170.5 Preparing to unpack .../28-shared-mime-info_2.4-5+b2_arm64.deb ...
#8 170.5 Unpacking shared-mime-info (2.4-5+b2) ...
#8 ...

#9 [builder 3/8] RUN apt-get update && apt-get install -y --no-install-recommends     build-essential g++     libpango-1.0-0 libpangocairo-1.0-0 libpangoft2-1.0-0     libgdk-pixbuf-2.0-0 libffi-dev libcairo2 libglib2.0-0     && rm -rf /var/lib/apt/lists/*
#9 170.7 Get:11 http://mirrors.tuna.tsinghua.edu.cn/debian trixie/main arm64 libgprofng0 arm64 2.44-3 [668 kB]
#9 172.5 Get:12 http://mirrors.tuna.tsinghua.edu.cn/debian trixie/main arm64 libctf-nobfd0 arm64 2.44-3 [152 kB]
#9 174.6 Get:13 http://mirrors.tuna.tsinghua.edu.cn/debian trixie/main arm64 libctf0 arm64 2.44-3 [84.2 kB]
#9 ...

#8 [stage-1  3/10] RUN apt-get update && apt-get install -y --no-install-recommends     libpango-1.0-0 libpangocairo-1.0-0 libpangoft2-1.0-0     libgdk-pixbuf-2.0-0 libcairo2 libglib2.0-0     fonts-liberation fonts-dejavu-core     && rm -rf /var/lib/apt/lists/*
#8 170.8 Selecting previously unselected package libjpeg62-turbo:arm64.
#8 170.8 Preparing to unpack .../29-libjpeg62-turbo_1%3a2.1.5-4_arm64.deb ...
#8 170.8 Unpacking libjpeg62-turbo:arm64 (1:2.1.5-4) ...
#8 170.8 Selecting previously unselected package libjbig0:arm64.
#8 170.8 Preparing to unpack .../30-libjbig0_2.1-6.1+b2_arm64.deb ...
#8 170.8 Unpacking libjbig0:arm64 (2.1-6.1+b2) ...
#8 170.8 Selecting previously unselected package liblerc4:arm64.
#8 170.8 Preparing to unpack .../31-liblerc4_4.0.0+ds-5_arm64.deb ...
#8 170.8 Unpacking liblerc4:arm64 (4.0.0+ds-5) ...
#8 170.8 Selecting previously unselected package libsharpyuv0:arm64.
#8 170.8 Preparing to unpack .../32-libsharpyuv0_1.5.0-0.1_arm64.deb ...
#8 170.8 Unpacking libsharpyuv0:arm64 (1.5.0-0.1) ...
#8 170.9 Selecting previously unselected package libwebp7:arm64.
#8 170.9 Preparing to unpack .../33-libwebp7_1.5.0-0.1_arm64.deb ...
#8 170.9 Unpacking libwebp7:arm64 (1.5.0-0.1) ...
#8 170.9 Selecting previously unselected package libtiff6:arm64.
#8 170.9 Preparing to unpack .../34-libtiff6_4.7.0-3+deb13u2_arm64.deb ...
#8 170.9 Unpacking libtiff6:arm64 (4.7.0-3+deb13u2) ...
#8 171.0 Selecting previously unselected package libgdk-pixbuf-2.0-0:arm64.
#8 171.0 Preparing to unpack .../35-libgdk-pixbuf-2.0-0_2.42.12+dfsg-4+deb13u1_arm64.deb ...
#8 171.0 Unpacking libgdk-pixbuf-2.0-0:arm64 (2.42.12+dfsg-4+deb13u1) ...
#8 171.0 Selecting previously unselected package libgraphite2-3:arm64.
#8 171.0 Preparing to unpack .../36-libgraphite2-3_1.3.14-2+b1_arm64.deb ...
#8 171.0 Unpacking libgraphite2-3:arm64 (1.3.14-2+b1) ...
#8 171.0 Selecting previously unselected package libharfbuzz0b:arm64.
#8 171.0 Preparing to unpack .../37-libharfbuzz0b_10.2.0-1+b1_arm64.deb ...
#8 171.0 Unpacking libharfbuzz0b:arm64 (10.2.0-1+b1) ...
#8 171.0 Selecting previously unselected package libthai-data.
#8 171.0 Preparing to unpack .../38-libthai-data_0.1.29-2_all.deb ...
#8 171.0 Unpacking libthai-data (0.1.29-2) ...
#8 171.1 Selecting previously unselected package libthai0:arm64.
#8 171.1 Preparing to unpack .../39-libthai0_0.1.29-2+b1_arm64.deb ...
#8 171.1 Unpacking libthai0:arm64 (0.1.29-2+b1) ...
#8 171.1 Selecting previously unselected package libpango-1.0-0:arm64.
#8 171.1 Preparing to unpack .../40-libpango-1.0-0_1.56.3-1_arm64.deb ...
#8 171.1 Unpacking libpango-1.0-0:arm64 (1.56.3-1) ...
#8 171.1 Selecting previously unselected package libpangoft2-1.0-0:arm64.
#8 171.1 Preparing to unpack .../41-libpangoft2-1.0-0_1.56.3-1_arm64.deb ...
#8 171.1 Unpacking libpangoft2-1.0-0:arm64 (1.56.3-1) ...
#8 171.1 Selecting previously unselected package libpangocairo-1.0-0:arm64.
#8 171.1 Preparing to unpack .../42-libpangocairo-1.0-0_1.56.3-1_arm64.deb ...
#8 171.1 Unpacking libpangocairo-1.0-0:arm64 (1.56.3-1) ...
#8 171.1 Setting up libexpat1:arm64 (2.7.1-2) ...
#8 171.1 Setting up libgraphite2-3:arm64 (1.3.14-2+b1) ...
#8 171.1 Setting up libpixman-1-0:arm64 (0.44.0-3) ...
#8 171.2 Setting up libsharpyuv0:arm64 (1.5.0-0.1) ...
#8 171.2 Setting up libxau6:arm64 (1:1.0.11-1) ...
#8 171.2 Setting up libxdmcp6:arm64 (1:1.1.5-1) ...
#8 171.2 Setting up libxcb1:arm64 (1.17.0-2+b1) ...
#8 171.2 Setting up liblerc4:arm64 (4.0.0+ds-5) ...
#8 171.2 Setting up libdatrie1:arm64 (0.2.13-3+b1) ...
#8 171.2 Setting up libxcb-render0:arm64 (1.17.0-2+b1) ...
#8 171.2 Setting up libbrotli1:arm64 (1.1.0-2+b7) ...
#8 171.2 Setting up libgdk-pixbuf2.0-common (2.42.12+dfsg-4+deb13u1) ...
#8 171.2 Setting up libdeflate0:arm64 (1.23-2) ...
#8 171.2 Setting up libxcb-shm0:arm64 (1.17.0-2+b1) ...
#8 171.2 Setting up libjbig0:arm64 (2.1-6.1+b2) ...
#8 171.2 Setting up libjpeg62-turbo:arm64 (1:2.1.5-4) ...
#8 171.2 Setting up libx11-data (2:1.8.12-1) ...
#8 171.2 Setting up libfribidi0:arm64 (1.0.16-1) ...
#8 171.2 Setting up fonts-dejavu-mono (2.37-8) ...
#8 171.2 Setting up libpng16-16t64:arm64 (1.6.48-1+deb13u4) ...
#8 171.2 Setting up libatomic1:arm64 (14.2.0-19) ...
#8 171.2 Setting up fonts-dejavu-core (2.37-8) ...
#8 171.2 Setting up libwebp7:arm64 (1.5.0-0.1) ...
#8 171.2 Setting up libtiff6:arm64 (4.7.0-3+deb13u2) ...
#8 171.2 Setting up fonts-liberation (1:2.1.5-3) ...
#8 171.2 Setting up libx11-6:arm64 (2:1.8.12-1) ...
#8 171.2 Setting up libthai-data (0.1.29-2) ...
#8 171.2 Setting up libxml2:arm64 (2.12.7+dfsg+really2.9.14-2.1+deb13u2) ...
#8 171.2 Setting up libxrender1:arm64 (1:0.9.12-1) ...
#8 171.2 Setting up fontconfig-config (2.15.0-2.3) ...
#8 171.3 debconf: unable to initialize frontend: Dialog
#8 171.3 debconf: (TERM is not set, so the dialog frontend is not usable.)
#8 171.3 debconf: falling back to frontend: Readline
#8 171.3 debconf: unable to initialize frontend: Readline
#8 171.3 debconf: (Can't locate Term/ReadLine.pm in @INC (you may need to install the Term::ReadLine module) (@INC entries checked: /etc/perl /usr/local/lib/aarch64-linux-gnu/perl/5.40.1 /usr/local/share/perl/5.40.1 /usr/lib/aarch64-linux-gnu/perl5/5.40 /usr/share/perl5 /usr/lib/aarch64-linux-gnu/perl-base /usr/lib/aarch64-linux-gnu/perl/5.40 /usr/share/perl/5.40 /usr/local/lib/site_perl) at /usr/share/perl5/Debconf/FrontEnd/Readline.pm line 8.)
#8 171.3 debconf: falling back to frontend: Teletype
#8 171.3 debconf: unable to initialize frontend: Teletype
#8 171.3 debconf: (This frontend requires a controlling tty.)
#8 171.3 debconf: falling back to frontend: Noninteractive
#8 171.3 Setting up libxext6:arm64 (2:1.3.4-1+b3) ...
#8 171.3 Setting up libthai0:arm64 (0.1.29-2+b1) ...
#8 171.3 Setting up libglib2.0-0t64:arm64 (2.84.4-3~deb13u2) ...
#8 171.3 No schema files found: doing nothing.
#8 171.3 Setting up libfreetype6:arm64 (2.13.3+dfsg-1+deb13u1) ...
#8 171.3 Setting up shared-mime-info (2.4-5+b2) ...
#8 172.9 Setting up libharfbuzz0b:arm64 (10.2.0-1+b1) ...
#8 172.9 Setting up libgdk-pixbuf-2.0-0:arm64 (2.42.12+dfsg-4+deb13u1) ...
#8 172.9 Setting up libfontconfig1:arm64 (2.15.0-2.3) ...
#8 172.9 Setting up fontconfig (2.15.0-2.3) ...
#8 172.9 Regenerating fonts cache... done.
#8 174.9 Setting up libpango-1.0-0:arm64 (1.56.3-1) ...
#8 174.9 Setting up libcairo2:arm64 (1.18.4-1+b1) ...
#8 175.0 Setting up libpangoft2-1.0-0:arm64 (1.56.3-1) ...
#8 175.0 Setting up libpangocairo-1.0-0:arm64 (1.56.3-1) ...
#8 175.0 Processing triggers for libc-bin (2.41-12+deb13u2) ...
#8 DONE 175.1s

#10 [stage-1  4/10] WORKDIR /app
#10 DONE 0.0s

#9 [builder 3/8] RUN apt-get update && apt-get install -y --no-install-recommends     build-essential g++     libpango-1.0-0 libpangocairo-1.0-0 libpangoft2-1.0-0     libgdk-pixbuf-2.0-0 libffi-dev libcairo2 libglib2.0-0     && rm -rf /var/lib/apt/lists/*
#9 176.3 Get:14 http://mirrors.tuna.tsinghua.edu.cn/debian trixie/main arm64 libjansson4 arm64 2.14-2+b3 [39.2 kB]
#9 181.8 Get:15 http://mirrors.tuna.tsinghua.edu.cn/debian trixie/main arm64 binutils-aarch64-linux-gnu arm64 2.44-3 [820 kB]
#9 185.8 Get:16 http://mirrors.tuna.tsinghua.edu.cn/debian trixie/main arm64 binutils arm64 2.44-3 [262 kB]
#9 186.7 Get:17 http://mirrors.tuna.tsinghua.edu.cn/debian trixie/main arm64 libc-dev-bin arm64 2.41-12+deb13u2 [58.6 kB]
#9 196.7 Get:18 http://mirrors.tuna.tsinghua.edu.cn/debian-security trixie-security/main arm64 linux-libc-dev all 6.12.74-2 [2746 kB]
#9 199.6 Get:19 http://mirrors.tuna.tsinghua.edu.cn/debian trixie/main arm64 libcrypt-dev arm64 1:4.4.38-1 [123 kB]
#9 201.8 Get:20 http://mirrors.tuna.tsinghua.edu.cn/debian trixie/main arm64 rpcsvc-proto arm64 1.4.3-1+b1 [60.5 kB]
#9 219.2 Get:21 http://mirrors.tuna.tsinghua.edu.cn/debian trixie/main arm64 libc6-dev arm64 2.41-12+deb13u2 [1624 kB]
#9 227.0 Get:22 http://mirrors.tuna.tsinghua.edu.cn/debian trixie/main arm64 libisl23 arm64 0.27-1 [601 kB]
#9 238.6 Get:23 http://mirrors.tuna.tsinghua.edu.cn/debian trixie/main arm64 libmpfr6 arm64 4.2.2-1 [685 kB]
#9 243.5 Get:24 http://mirrors.tuna.tsinghua.edu.cn/debian trixie/main arm64 libmpc3 arm64 1.3.1-1+b3 [50.5 kB]
#9 303.6 Ign:25 http://mirrors.tuna.tsinghua.edu.cn/debian trixie/main arm64 cpp-14-aarch64-linux-gnu arm64 14.2.0-19
#9 304.6 Get:26 http://mirrors.tuna.tsinghua.edu.cn/debian trixie/main arm64 cpp-14 arm64 14.2.0-19 [1276 B]
#9 305.4 Get:27 http://mirrors.tuna.tsinghua.edu.cn/debian trixie/main arm64 cpp-aarch64-linux-gnu arm64 4:14.2.0-1 [4832 B]
#9 305.8 Get:28 http://mirrors.tuna.tsinghua.edu.cn/debian trixie/main arm64 cpp arm64 4:14.2.0-1 [1568 B]
#9 306.5 Get:29 http://mirrors.tuna.tsinghua.edu.cn/debian trixie/main arm64 libcc1-0 arm64 14.2.0-19 [42.2 kB]
#9 308.3 Get:30 http://mirrors.tuna.tsinghua.edu.cn/debian trixie/main arm64 libgomp1 arm64 14.2.0-19 [124 kB]
#9 309.5 Get:31 http://mirrors.tuna.tsinghua.edu.cn/debian trixie/main arm64 libitm1 arm64 14.2.0-19 [24.2 kB]
#9 310.4 Get:32 http://mirrors.tuna.tsinghua.edu.cn/debian trixie/main arm64 libatomic1 arm64 14.2.0-19 [10.1 kB]
#9 319.1 Get:33 http://mirrors.tuna.tsinghua.edu.cn/debian trixie/main arm64 libasan8 arm64 14.2.0-19 [2578 kB]
